// Jest Snapshot v1, https://goo.gl/fbAQLP

exports[`Disabllow selectors that are not used in a HTML file 1`] = `
{
  "deprecations": [],
  "errored": true,
  "invalidOptionWarnings": [],
  "parseErrors": [],
  "warnings": [
    {
      "column": 1,
      "endColumn": 2,
      "endLine": 29,
      "line": 27,
      "rule": "plugin/no-unused-selectors",
      "severity": "error",
      "text": ".not-found is defined but doesn't match any elements in test.html. (plugin/no-unused-selectors)",
    },
    {
      "column": 1,
      "endColumn": 2,
      "endLine": 34,
      "line": 32,
      "rule": "plugin/no-unused-selectors",
      "severity": "error",
      "text": ".list-item:last-child + li is defined but doesn't match any elements in test.html. (plugin/no-unused-selectors)",
    },
  ],
}
`;
